XV6_TEST_OUTPUT correct content at physical page index 0!
XV6_TEST_OUTPUT Index 1: pdx: 0x0, ptx: 0x14, present: 1, writable: 1, encrypted: 0
XV6_TEST_OUTPUT correct content at physical page index 1!
XV6_TEST_OUTPUT Index 2: pdx: 0x0, ptx: 0x13, present: 0, writable: 1, encrypted: 1
XV6_TEST_OUTPUT correct content at physical page index 2!
XV6_TEST_OUTPUT Index 3: pdx: 0x0, ptx: 0x12, present: 0, writable: 1, encrypted: 1
XV6_TEST_OUTPUT correct content at physical page index 3!
XV6_TEST_OUTPUT Index 4: pdx: 0x0, ptx: 0x11, present: 1, writable: 1, encrypted: 0
XV6_TEST_OUTPUT correct content at physical page index 4!
XV6_TEST_OUTPUT Index 5: pdx: 0x0, ptx: 0x10, present: 0, writable: 1, encrypted: 1
XV6_TEST_OUTPUT correct content at physical page index 5!
XV6_TEST_OUTPUT Index 6: pdx: 0x0, ptx: 0xF, present: 1, writable: 1, encrypted: 0
XV6_TEST_OUTPUT correct content at physical page index 6!
XV6_TEST_OUTPUT Index 7: pdx: 0x0, ptx: 0xE, present: 1, writable: 1, encrypted: 0
XV6_TEST_OUTPUT correct content at physical page index 7!
XV6_TEST_OUTPUT Index 8: pdx: 0x0, ptx: 0xD, present: 0, writable: 1, encrypted: 1
XV6_TEST_OUTPUT correct content at physical page index 8!
XV6_TEST_OUTPUT Index 9: pdx: 0x0, ptx: 0xC, present: 0, writable: 1, encrypted: 1
XV6_TEST_OUTPUT correct content at physical page index 9!
XV6_TEST_OUTPUT Index 10: pdx: 0x0, ptx: 0xB, present: 0, writable: 1, encrypted: 1
XV6_TEST_OUTPUT correct content at physical page index 10!
XV6_TEST_OUTPUT Index 11: pdx: 0x0, ptx: 0xA, present: 0, writable: 1, encrypted: 1
XV6_TEST_OUTPUT correct content at physical page index 11!
XV6_TEST_OUTPUT correct content at physical page index 12!
XV6_TEST_OUTPUT correct content at physical page index 13!
XV6_TEST_OUTPUT Index 14: pdx: 0x0, ptx: 0x7, present: 0, writable: 1, encrypted: 1
XV6_TEST_OUTPUT correct content at physical page index 14!
XV6_TEST_OUTPUT Index 15: pdx: 0x0, ptx: 0x6, present: 0, writable: 1, encrypted: 1
XV6_TEST_OUTPUT correct content at physical page index 15!
