XV6_TEST_OUTPUT Index 0: pdx: 0x1, ptx: 0x3D5, present: 1, writable: 1, encrypted: 0
XV6_TEST_OUTPUT correct content at pdx: 1, ptx: 3D5, physical page 0xD759000
XV6_TEST_OUTPUT Index 1: pdx: 0x1, ptx: 0x3D4, present: 1, writable: 1, encrypted: 0
XV6_TEST_OUTPUT correct content at pdx: 1, ptx: 3D4, physical page 0xD75A000
XV6_TEST_OUTPUT Index 2: pdx: 0x1, ptx: 0x3D3, present: 1, writable: 1, encrypted: 0
XV6_TEST_OUTPUT correct content at pdx: 1, ptx: 3D3, physical page 0xD75B000
XV6_TEST_OUTPUT Index 3: pdx: 0x1, ptx: 0x3D2, present: 1, writable: 1, encrypted: 0
XV6_TEST_OUTPUT correct content at pdx: 1, ptx: 3D2, physical page 0xD75C000
XV6_TEST_OUTPUT Index 4: pdx: 0x1, ptx: 0x3D1, present: 1, writable: 1, encrypted: 0
XV6_TEST_OUTPUT correct content at pdx: 1, ptx: 3D1, physical page 0xD75D000
XV6_TEST_OUTPUT Index 5: pdx: 0x1, ptx: 0x3D0, present: 1, writable: 1, encrypted: 0
XV6_TEST_OUTPUT correct content at pdx: 1, ptx: 3D0, physical page 0xD75E000
XV6_TEST_OUTPUT Index 6: pdx: 0x1, ptx: 0x3CF, present: 1, writable: 1, encrypted: 0
XV6_TEST_OUTPUT correct content at pdx: 1, ptx: 3CF, physical page 0xD75F000
XV6_TEST_OUTPUT Index 7: pdx: 0x1, ptx: 0x3CE, present: 1, writable: 1, encrypted: 0
XV6_TEST_OUTPUT correct content at pdx: 1, ptx: 3CE, physical page 0xD760000
XV6_TEST_OUTPUT Index 8: pdx: 0x1, ptx: 0x3CD, present: 1, writable: 1, encrypted: 0
XV6_TEST_OUTPUT correct content at pdx: 1, ptx: 3CD, physical page 0xD761000
XV6_TEST_OUTPUT Index 9: pdx: 0x1, ptx: 0x3CC, present: 1, writable: 1, encrypted: 0
XV6_TEST_OUTPUT correct content at pdx: 1, ptx: 3CC, physical page 0xD762000
XV6_TEST_OUTPUT Index 10: pdx: 0x1, ptx: 0x3CB, present: 1, writable: 1, encrypted: 0
XV6_TEST_OUTPUT correct content at pdx: 1, ptx: 3CB, physical page 0xD763000
XV6_TEST_OUTPUT Index 11: pdx: 0x1, ptx: 0x3CA, present: 1, writable: 1, encrypted: 0
XV6_TEST_OUTPUT correct content at pdx: 1, ptx: 3CA, physical page 0xD764000
XV6_TEST_OUTPUT Index 12: pdx: 0x1, ptx: 0x3C9, present: 1, writable: 1, encrypted: 0
XV6_TEST_OUTPUT correct content at pdx: 1, ptx: 3C9, physical page 0xD765000
XV6_TEST_OUTPUT Index 13: pdx: 0x1, ptx: 0x3C8, present: 1, writable: 1, encrypted: 0
XV6_TEST_OUTPUT correct content at pdx: 1, ptx: 3C8, physical page 0xD766000
XV6_TEST_OUTPUT Index 14: pdx: 0x1, ptx: 0x3C7, present: 1, writable: 1, encrypted: 0
XV6_TEST_OUTPUT correct content at pdx: 1, ptx: 3C7, physical page 0xD767000
XV6_TEST_OUTPUT Index 15: pdx: 0x1, ptx: 0x3C6, present: 1, writable: 1, encrypted: 0
XV6_TEST_OUTPUT correct content at pdx: 1, ptx: 3C6, physical page 0xD768000
XV6_TEST_OUTPUT Index 16: pdx: 0x1, ptx: 0x3C5, present: 1, writable: 1, encrypted: 0
XV6_TEST_OUTPUT correct content at pdx: 1, ptx: 3C5, physical page 0xD769000
XV6_TEST_OUTPUT Index 17: pdx: 0x1, ptx: 0x3C4, present: 1, writable: 1, encrypted: 0
XV6_TEST_OUTPUT correct content at pdx: 1, ptx: 3C4, physical page 0xD76A000
XV6_TEST_OUTPUT Index 18: pdx: 0x1, ptx: 0x3C3, present: 1, writable: 1, encrypted: 0
XV6_TEST_OUTPUT correct content at pdx: 1, ptx: 3C3, physical page 0xD76B000
XV6_TEST_OUTPUT Index 19: pdx: 0x1, ptx: 0x3C2, present: 1, writable: 1, encrypted: 0
XV6_TEST_OUTPUT correct content at pdx: 1, ptx: 3C2, physical page 0xD76C000
XV6_TEST_OUTPUT Index 20: pdx: 0x1, ptx: 0x3C1, present: 1, writable: 1, encrypted: 0
XV6_TEST_OUTPUT correct content at pdx: 1, ptx: 3C1, physical page 0xD76D000
XV6_TEST_OUTPUT Index 21: pdx: 0x1, ptx: 0x3C0, present: 1, writable: 1, encrypted: 0
XV6_TEST_OUTPUT correct content at pdx: 1, ptx: 3C0, physical page 0xD76E000
XV6_TEST_OUTPUT Index 22: pdx: 0x1, ptx: 0x3BF, present: 1, writable: 1, encrypted: 0
XV6_TEST_OUTPUT correct content at pdx: 1, ptx: 3BF, physical page 0xD76F000
XV6_TEST_OUTPUT Index 23: pdx: 0x1, ptx: 0x3BE, present: 1, writable: 1, encrypted: 0
XV6_TEST_OUTPUT correct content at pdx: 1, ptx: 3BE, physical page 0xD770000
XV6_TEST_OUTPUT Index 24: pdx: 0x1, ptx: 0x3BD, present: 1, writable: 1, encrypted: 0
XV6_TEST_OUTPUT correct content at pdx: 1, ptx: 3BD, physical page 0xD771000
XV6_TEST_OUTPUT Index 25: pdx: 0x1, ptx: 0x3BC, present: 1, writable: 1, encrypted: 0
XV6_TEST_OUTPUT correct content at pdx: 1, ptx: 3BC, physical page 0xD772000
XV6_TEST_OUTPUT Index 26: pdx: 0x1, ptx: 0x3BB, present: 1, writable: 1, encrypted: 0
XV6_TEST_OUTPUT correct content at pdx: 1, ptx: 3BB, physical page 0xD773000
XV6_TEST_OUTPUT Index 27: pdx: 0x1, ptx: 0x3BA, present: 1, writable: 1, encrypted: 0
XV6_TEST_OUTPUT correct content at pdx: 1, ptx: 3BA, physical page 0xD774000
XV6_TEST_OUTPUT Index 28: pdx: 0x1, ptx: 0x3B9, present: 1, writable: 1, encrypted: 0
XV6_TEST_OUTPUT correct content at pdx: 1, ptx: 3B9, physical page 0xD775000
XV6_TEST_OUTPUT Index 29: pdx: 0x1, ptx: 0x3B8, present: 1, writable: 1, encrypted: 0
XV6_TEST_OUTPUT correct content at pdx: 1, ptx: 3B8, physical page 0xD776000
XV6_TEST_OUTPUT Index 30: pdx: 0x1, ptx: 0x3B7, present: 1, writable: 1, encrypted: 0
XV6_TEST_OUTPUT correct content at pdx: 1, ptx: 3B7, physical page 0xD777000
XV6_TEST_OUTPUT Index 31: pdx: 0x1, ptx: 0x3B6, present: 1, writable: 1, encrypted: 0
XV6_TEST_OUTPUT correct content at pdx: 1, ptx: 3B6, physical page 0xD778000
XV6_TEST_OUTPUT Index 32: pdx: 0x1, ptx: 0x3B5, present: 1, writable: 1, encrypted: 0
XV6_TEST_OUTPUT correct content at pdx: 1, ptx: 3B5, physical page 0xD779000
XV6_TEST_OUTPUT Index 33: pdx: 0x1, ptx: 0x3B4, present: 1, writable: 1, encrypted: 0
XV6_TEST_OUTPUT correct content at pdx: 1, ptx: 3B4, physical page 0xD77A000
XV6_TEST_OUTPUT Index 34: pdx: 0x1, ptx: 0x3B3, present: 1, writable: 1, encrypted: 0
XV6_TEST_OUTPUT correct content at pdx: 1, ptx: 3B3, physical page 0xD77B000
XV6_TEST_OUTPUT Index 35: pdx: 0x1, ptx: 0x3B2, present: 1, writable: 1, encrypted: 0
XV6_TEST_OUTPUT correct content at pdx: 1, ptx: 3B2, physical page 0xD77C000
XV6_TEST_OUTPUT Index 36: pdx: 0x1, ptx: 0x3B1, present: 1, writable: 1, encrypted: 0
XV6_TEST_OUTPUT correct content at pdx: 1, ptx: 3B1, physical page 0xD77D000
XV6_TEST_OUTPUT Index 37: pdx: 0x1, ptx: 0x3B0, present: 1, writable: 1, encrypted: 0
XV6_TEST_OUTPUT correct content at pdx: 1, ptx: 3B0, physical page 0xD77E000
XV6_TEST_OUTPUT Index 38: pdx: 0x1, ptx: 0x3AF, present: 1, writable: 1, encrypted: 0
XV6_TEST_OUTPUT correct content at pdx: 1, ptx: 3AF, physical page 0xD77F000
XV6_TEST_OUTPUT Index 39: pdx: 0x1, ptx: 0x3AE, present: 1, writable: 1, encrypted: 0
XV6_TEST_OUTPUT correct content at pdx: 1, ptx: 3AE, physical page 0xD780000
XV6_TEST_OUTPUT Index 40: pdx: 0x1, ptx: 0x3AD, present: 1, writable: 1, encrypted: 0
XV6_TEST_OUTPUT correct content at pdx: 1, ptx: 3AD, physical page 0xD781000
XV6_TEST_OUTPUT Index 41: pdx: 0x1, ptx: 0x3AC, present: 1, writable: 1, encrypted: 0
XV6_TEST_OUTPUT correct content at pdx: 1, ptx: 3AC, physical page 0xD782000
XV6_TEST_OUTPUT Index 42: pdx: 0x1, ptx: 0x3AB, present: 1, writable: 1, encrypted: 0
XV6_TEST_OUTPUT correct content at pdx: 1, ptx: 3AB, physical page 0xD783000
XV6_TEST_OUTPUT Index 43: pdx: 0x1, ptx: 0x3AA, present: 1, writable: 1, encrypted: 0
XV6_TEST_OUTPUT correct content at pdx: 1, ptx: 3AA, physical page 0xD784000
XV6_TEST_OUTPUT Index 44: pdx: 0x1, ptx: 0x3A9, present: 1, writable: 1, encrypted: 0
XV6_TEST_OUTPUT correct content at pdx: 1, ptx: 3A9, physical page 0xD785000
XV6_TEST_OUTPUT Index 45: pdx: 0x1, ptx: 0x3A8, present: 1, writable: 1, encrypted: 0
XV6_TEST_OUTPUT correct content at pdx: 1, ptx: 3A8, physical page 0xD786000
XV6_TEST_OUTPUT Index 46: pdx: 0x1, ptx: 0x3A7, present: 1, writable: 1, encrypted: 0
XV6_TEST_OUTPUT correct content at pdx: 1, ptx: 3A7, physical page 0xD787000
XV6_TEST_OUTPUT Index 47: pdx: 0x1, ptx: 0x3A6, present: 1, writable: 1, encrypted: 0
XV6_TEST_OUTPUT correct content at pdx: 1, ptx: 3A6, physical page 0xD788000
XV6_TEST_OUTPUT Index 48: pdx: 0x1, ptx: 0x3A5, present: 1, writable: 1, encrypted: 0
XV6_TEST_OUTPUT correct content at pdx: 1, ptx: 3A5, physical page 0xD789000
XV6_TEST_OUTPUT Index 49: pdx: 0x1, ptx: 0x3A4, present: 1, writable: 1, encrypted: 0
XV6_TEST_OUTPUT correct content at pdx: 1, ptx: 3A4, physical page 0xD78A000
XV6_TEST_OUTPUT Index 50: pdx: 0x1, ptx: 0x3A3, present: 1, writable: 1, encrypted: 0
XV6_TEST_OUTPUT correct content at pdx: 1, ptx: 3A3, physical page 0xD78B000
XV6_TEST_OUTPUT Index 51: pdx: 0x1, ptx: 0x3A2, present: 1, writable: 1, encrypted: 0
XV6_TEST_OUTPUT correct content at pdx: 1, ptx: 3A2, physical page 0xD78C000
XV6_TEST_OUTPUT Index 52: pdx: 0x1, ptx: 0x3A1, present: 1, writable: 1, encrypted: 0
XV6_TEST_OUTPUT correct content at pdx: 1, ptx: 3A1, physical page 0xD78D000
XV6_TEST_OUTPUT Index 53: pdx: 0x1, ptx: 0x3A0, present: 1, writable: 1, encrypted: 0
XV6_TEST_OUTPUT correct content at pdx: 1, ptx: 3A0, physical page 0xD78E000
XV6_TEST_OUTPUT Index 54: pdx: 0x1, ptx: 0x39F, present: 1, writable: 1, encrypted: 0
XV6_TEST_OUTPUT correct content at pdx: 1, ptx: 39F, physical page 0xD78F000
XV6_TEST_OUTPUT Index 55: pdx: 0x1, ptx: 0x39E, present: 1, writable: 1, encrypted: 0
XV6_TEST_OUTPUT correct content at pdx: 1, ptx: 39E, physical page 0xD790000
XV6_TEST_OUTPUT Index 56: pdx: 0x1, ptx: 0x39D, present: 1, writable: 1, encrypted: 0
XV6_TEST_OUTPUT correct content at pdx: 1, ptx: 39D, physical page 0xD791000
XV6_TEST_OUTPUT Index 57: pdx: 0x1, ptx: 0x39C, present: 1, writable: 1, encrypted: 0
XV6_TEST_OUTPUT correct content at pdx: 1, ptx: 39C, physical page 0xD792000
XV6_TEST_OUTPUT Index 58: pdx: 0x1, ptx: 0x39B, present: 1, writable: 1, encrypted: 0
XV6_TEST_OUTPUT correct content at pdx: 1, ptx: 39B, physical page 0xD793000
XV6_TEST_OUTPUT Index 59: pdx: 0x1, ptx: 0x39A, present: 1, writable: 1, encrypted: 0
XV6_TEST_OUTPUT correct content at pdx: 1, ptx: 39A, physical page 0xD794000
XV6_TEST_OUTPUT Index 60: pdx: 0x1, ptx: 0x399, present: 1, writable: 1, encrypted: 0
XV6_TEST_OUTPUT correct content at pdx: 1, ptx: 399, physical page 0xD795000
XV6_TEST_OUTPUT Index 61: pdx: 0x1, ptx: 0x398, present: 1, writable: 1, encrypted: 0
XV6_TEST_OUTPUT correct content at pdx: 1, ptx: 398, physical page 0xD796000
XV6_TEST_OUTPUT Index 62: pdx: 0x1, ptx: 0x397, present: 1, writable: 1, encrypted: 0
XV6_TEST_OUTPUT correct content at pdx: 1, ptx: 397, physical page 0xD797000
XV6_TEST_OUTPUT Index 63: pdx: 0x1, ptx: 0x396, present: 1, writable: 1, encrypted: 0
XV6_TEST_OUTPUT correct content at pdx: 1, ptx: 396, physical page 0xD798000
XV6_TEST_OUTPUT Index 64: pdx: 0x1, ptx: 0x395, present: 1, writable: 1, encrypted: 0
XV6_TEST_OUTPUT correct content at pdx: 1, ptx: 395, physical page 0xD799000
XV6_TEST_OUTPUT Index 65: pdx: 0x1, ptx: 0x394, present: 1, writable: 1, encrypted: 0
XV6_TEST_OUTPUT correct content at pdx: 1, ptx: 394, physical page 0xD79A000
XV6_TEST_OUTPUT Index 66: pdx: 0x1, ptx: 0x393, present: 1, writable: 1, encrypted: 0
XV6_TEST_OUTPUT correct content at pdx: 1, ptx: 393, physical page 0xD79B000
XV6_TEST_OUTPUT Index 67: pdx: 0x1, ptx: 0x392, present: 1, writable: 1, encrypted: 0
XV6_TEST_OUTPUT correct content at pdx: 1, ptx: 392, physical page 0xD79C000
XV6_TEST_OUTPUT Index 68: pdx: 0x1, ptx: 0x391, present: 1, writable: 1, encrypted: 0
XV6_TEST_OUTPUT correct content at pdx: 1, ptx: 391, physical page 0xD79D000
XV6_TEST_OUTPUT Index 69: pdx: 0x1, ptx: 0x390, present: 1, writable: 1, encrypted: 0
XV6_TEST_OUTPUT correct content at pdx: 1, ptx: 390, physical page 0xD79E000
XV6_TEST_OUTPUT Index 70: pdx: 0x1, ptx: 0x38F, present: 1, writable: 1, encrypted: 0
XV6_TEST_OUTPUT correct content at pdx: 1, ptx: 38F, physical page 0xD79F000
XV6_TEST_OUTPUT Index 71: pdx: 0x1, ptx: 0x38E, present: 1, writable: 1, encrypted: 0
XV6_TEST_OUTPUT correct content at pdx: 1, ptx: 38E, physical page 0xD7A0000
XV6_TEST_OUTPUT Index 72: pdx: 0x1, ptx: 0x38D, present: 1, writable: 1, encrypted: 0
XV6_TEST_OUTPUT correct content at pdx: 1, ptx: 38D, physical page 0xD7A1000
XV6_TEST_OUTPUT Index 73: pdx: 0x1, ptx: 0x38C, present: 1, writable: 1, encrypted: 0
XV6_TEST_OUTPUT correct content at pdx: 1, ptx: 38C, physical page 0xD7A2000
XV6_TEST_OUTPUT Index 74: pdx: 0x1, ptx: 0x38B, present: 1, writable: 1, encrypted: 0
XV6_TEST_OUTPUT correct content at pdx: 1, ptx: 38B, physical page 0xD7A3000
XV6_TEST_OUTPUT Index 75: pdx: 0x1, ptx: 0x38A, present: 1, writable: 1, encrypted: 0
XV6_TEST_OUTPUT correct content at pdx: 1, ptx: 38A, physical page 0xD7A4000
XV6_TEST_OUTPUT Index 76: pdx: 0x1, ptx: 0x389, present: 1, writable: 1, encrypted: 0
XV6_TEST_OUTPUT correct content at pdx: 1, ptx: 389, physical page 0xD7A5000
XV6_TEST_OUTPUT Index 77: pdx: 0x1, ptx: 0x388, present: 1, writable: 1, encrypted: 0
XV6_TEST_OUTPUT correct content at pdx: 1, ptx: 388, physical page 0xD7A6000
XV6_TEST_OUTPUT Index 78: pdx: 0x1, ptx: 0x387, present: 1, writable: 1, encrypted: 0
XV6_TEST_OUTPUT correct content at pdx: 1, ptx: 387, physical page 0xD7A7000
XV6_TEST_OUTPUT Index 79: pdx: 0x1, ptx: 0x386, present: 1, writable: 1, encrypted: 0
XV6_TEST_OUTPUT correct content at pdx: 1, ptx: 386, physical page 0xD7A8000
XV6_TEST_OUTPUT Index 80: pdx: 0x1, ptx: 0x385, present: 1, writable: 1, encrypted: 0
XV6_TEST_OUTPUT correct content at pdx: 1, ptx: 385, physical page 0xD7A9000
XV6_TEST_OUTPUT Index 81: pdx: 0x1, ptx: 0x384, present: 1, writable: 1, encrypted: 0
XV6_TEST_OUTPUT correct content at pdx: 1, ptx: 384, physical page 0xD7AA000
XV6_TEST_OUTPUT Index 82: pdx: 0x1, ptx: 0x383, present: 1, writable: 1, encrypted: 0
XV6_TEST_OUTPUT correct content at pdx: 1, ptx: 383, physical page 0xD7AB000
XV6_TEST_OUTPUT Index 83: pdx: 0x1, ptx: 0x382, present: 1, writable: 1, encrypted: 0
XV6_TEST_OUTPUT correct content at pdx: 1, ptx: 382, physical page 0xD7AC000
XV6_TEST_OUTPUT Index 84: pdx: 0x1, ptx: 0x381, present: 1, writable: 1, encrypted: 0
XV6_TEST_OUTPUT correct content at pdx: 1, ptx: 381, physical page 0xD7AD000
XV6_TEST_OUTPUT Index 85: pdx: 0x1, ptx: 0x380, present: 1, writable: 1, encrypted: 0
XV6_TEST_OUTPUT correct content at pdx: 1, ptx: 380, physical page 0xD7AE000
XV6_TEST_OUTPUT Index 86: pdx: 0x1, ptx: 0x37F, present: 1, writable: 1, encrypted: 0
XV6_TEST_OUTPUT correct content at pdx: 1, ptx: 37F, physical page 0xD7AF000
XV6_TEST_OUTPUT Index 87: pdx: 0x1, ptx: 0x37E, present: 1, writable: 1, encrypted: 0
XV6_TEST_OUTPUT correct content at pdx: 1, ptx: 37E, physical page 0xD7B0000
XV6_TEST_OUTPUT Index 88: pdx: 0x1, ptx: 0x37D, present: 1, writable: 1, encrypted: 0
XV6_TEST_OUTPUT correct content at pdx: 1, ptx: 37D, physical page 0xD7B1000
XV6_TEST_OUTPUT Index 89: pdx: 0x1, ptx: 0x37C, present: 1, writable: 1, encrypted: 0
XV6_TEST_OUTPUT correct content at pdx: 1, ptx: 37C, physical page 0xD7B2000
XV6_TEST_OUTPUT Index 90: pdx: 0x1, ptx: 0x37B, present: 1, writable: 1, encrypted: 0
XV6_TEST_OUTPUT correct content at pdx: 1, ptx: 37B, physical page 0xD7B3000
XV6_TEST_OUTPUT Index 91: pdx: 0x1, ptx: 0x37A, present: 1, writable: 1, encrypted: 0
XV6_TEST_OUTPUT correct content at pdx: 1, ptx: 37A, physical page 0xD7B4000
XV6_TEST_OUTPUT Index 92: pdx: 0x1, ptx: 0x379, present: 1, writable: 1, encrypted: 0
XV6_TEST_OUTPUT correct content at pdx: 1, ptx: 379, physical page 0xD7B5000
XV6_TEST_OUTPUT Index 93: pdx: 0x1, ptx: 0x378, present: 1, writable: 1, encrypted: 0
XV6_TEST_OUTPUT correct content at pdx: 1, ptx: 378, physical page 0xD7B6000
XV6_TEST_OUTPUT Index 94: pdx: 0x1, ptx: 0x377, present: 1, writable: 1, encrypted: 0
XV6_TEST_OUTPUT correct content at pdx: 1, ptx: 377, physical page 0xD7B7000
XV6_TEST_OUTPUT Index 95: pdx: 0x1, ptx: 0x376, present: 1, writable: 1, encrypted: 0
XV6_TEST_OUTPUT correct content at pdx: 1, ptx: 376, physical page 0xD7B8000
XV6_TEST_OUTPUT correct content at pdx: 1, ptx: 375, physical page 0xD7B9000
XV6_TEST_OUTPUT correct content at pdx: 1, ptx: 374, physical page 0xD7BA000
XV6_TEST_OUTPUT Index 98: pdx: 0x1, ptx: 0x373, present: 0, writable: 1, encrypted: 1
XV6_TEST_OUTPUT correct content at pdx: 1, ptx: 373, physical page 0xD7BB000
XV6_TEST_OUTPUT Index 99: pdx: 0x1, ptx: 0x372, present: 0, writable: 1, encrypted: 1
XV6_TEST_OUTPUT correct content at pdx: 1, ptx: 372, physical page 0xD7BC000
XV6_TEST_OUTPUT Index 100: pdx: 0x1, ptx: 0x371, present: 0, writable: 1, encrypted: 1
XV6_TEST_OUTPUT correct content at pdx: 1, ptx: 371, physical page 0xD7BD000
XV6_TEST_OUTPUT Index 101: pdx: 0x1, ptx: 0x370, present: 0, writable: 1, encrypted: 1
XV6_TEST_OUTPUT correct content at pdx: 1, ptx: 370, physical page 0xD7BE000
XV6_TEST_OUTPUT Index 102: pdx: 0x1, ptx: 0x36F, present: 0, writable: 1, encrypted: 1
XV6_TEST_OUTPUT correct content at pdx: 1, ptx: 36F, physical page 0xD7BF000
XV6_TEST_OUTPUT Index 103: pdx: 0x1, ptx: 0x36E, present: 0, writable: 1, encrypted: 1
XV6_TEST_OUTPUT correct content at pdx: 1, ptx: 36E, physical page 0xD7C0000
XV6_TEST_OUTPUT Index 104: pdx: 0x1, ptx: 0x36D, present: 0, writable: 1, encrypted: 1
XV6_TEST_OUTPUT correct content at pdx: 1, ptx: 36D, physical page 0xD7C1000
XV6_TEST_OUTPUT Index 105: pdx: 0x1, ptx: 0x36C, present: 0, writable: 1, encrypted: 1
XV6_TEST_OUTPUT correct content at pdx: 1, ptx: 36C, physical page 0xD7C2000
XV6_TEST_OUTPUT Index 106: pdx: 0x1, ptx: 0x36B, present: 0, writable: 1, encrypted: 1
XV6_TEST_OUTPUT correct content at pdx: 1, ptx: 36B, physical page 0xD7C3000
XV6_TEST_OUTPUT Index 107: pdx: 0x1, ptx: 0x36A, present: 0, writable: 1, encrypted: 1
XV6_TEST_OUTPUT correct content at pdx: 1, ptx: 36A, physical page 0xD7C4000
XV6_TEST_OUTPUT Index 108: pdx: 0x1, ptx: 0x369, present: 0, writable: 1, encrypted: 1
XV6_TEST_OUTPUT correct content at pdx: 1, ptx: 369, physical page 0xD7C5000
XV6_TEST_OUTPUT Index 109: pdx: 0x1, ptx: 0x368, present: 0, writable: 1, encrypted: 1
XV6_TEST_OUTPUT correct content at pdx: 1, ptx: 368, physical page 0xD7C6000
XV6_TEST_OUTPUT Index 110: pdx: 0x1, ptx: 0x367, present: 0, writable: 1, encrypted: 1
XV6_TEST_OUTPUT correct content at pdx: 1, ptx: 367, physical page 0xD7C7000
XV6_TEST_OUTPUT Index 111: pdx: 0x1, ptx: 0x366, present: 0, writable: 1, encrypted: 1
XV6_TEST_OUTPUT correct content at pdx: 1, ptx: 366, physical page 0xD7C8000
XV6_TEST_OUTPUT Index 112: pdx: 0x1, ptx: 0x365, present: 0, writable: 1, encrypted: 1
XV6_TEST_OUTPUT correct content at pdx: 1, ptx: 365, physical page 0xD7C9000
XV6_TEST_OUTPUT Index 113: pdx: 0x1, ptx: 0x364, present: 0, writable: 1, encrypted: 1
XV6_TEST_OUTPUT correct content at pdx: 1, ptx: 364, physical page 0xD7CA000
XV6_TEST_OUTPUT Index 114: pdx: 0x1, ptx: 0x363, present: 0, writable: 1, encrypted: 1
XV6_TEST_OUTPUT correct content at pdx: 1, ptx: 363, physical page 0xD7CB000
XV6_TEST_OUTPUT Index 115: pdx: 0x1, ptx: 0x362, present: 0, writable: 1, encrypted: 1
XV6_TEST_OUTPUT correct content at pdx: 1, ptx: 362, physical page 0xD7CC000
XV6_TEST_OUTPUT Index 116: pdx: 0x1, ptx: 0x361, present: 0, writable: 1, encrypted: 1
XV6_TEST_OUTPUT correct content at pdx: 1, ptx: 361, physical page 0xD7CD000
XV6_TEST_OUTPUT Index 117: pdx: 0x1, ptx: 0x360, present: 0, writable: 1, encrypted: 1
XV6_TEST_OUTPUT correct content at pdx: 1, ptx: 360, physical page 0xD7CE000
XV6_TEST_OUTPUT Index 118: pdx: 0x1, ptx: 0x35F, present: 0, writable: 1, encrypted: 1
XV6_TEST_OUTPUT correct content at pdx: 1, ptx: 35F, physical page 0xD7CF000
XV6_TEST_OUTPUT Index 119: pdx: 0x1, ptx: 0x35E, present: 0, writable: 1, encrypted: 1
XV6_TEST_OUTPUT correct content at pdx: 1, ptx: 35E, physical page 0xD7D0000
XV6_TEST_OUTPUT Index 120: pdx: 0x1, ptx: 0x35D, present: 0, writable: 1, encrypted: 1
XV6_TEST_OUTPUT correct content at pdx: 1, ptx: 35D, physical page 0xD7D1000
XV6_TEST_OUTPUT Index 121: pdx: 0x1, ptx: 0x35C, present: 0, writable: 1, encrypted: 1
XV6_TEST_OUTPUT correct content at pdx: 1, ptx: 35C, physical page 0xD7D2000
XV6_TEST_OUTPUT Index 122: pdx: 0x1, ptx: 0x35B, present: 0, writable: 1, encrypted: 1
XV6_TEST_OUTPUT correct content at pdx: 1, ptx: 35B, physical page 0xD7D3000
XV6_TEST_OUTPUT Index 123: pdx: 0x1, ptx: 0x35A, present: 0, writable: 1, encrypted: 1
XV6_TEST_OUTPUT correct content at pdx: 1, ptx: 35A, physical page 0xD7D4000
XV6_TEST_OUTPUT Index 124: pdx: 0x1, ptx: 0x359, present: 0, writable: 1, encrypted: 1
XV6_TEST_OUTPUT correct content at pdx: 1, ptx: 359, physical page 0xD7D5000
XV6_TEST_OUTPUT Index 125: pdx: 0x1, ptx: 0x358, present: 0, writable: 1, encrypted: 1
XV6_TEST_OUTPUT correct content at pdx: 1, ptx: 358, physical page 0xD7D6000
XV6_TEST_OUTPUT Index 126: pdx: 0x1, ptx: 0x357, present: 0, writable: 1, encrypted: 1
XV6_TEST_OUTPUT correct content at pdx: 1, ptx: 357, physical page 0xD7D7000
XV6_TEST_OUTPUT Index 127: pdx: 0x1, ptx: 0x356, present: 0, writable: 1, encrypted: 1
XV6_TEST_OUTPUT correct content at pdx: 1, ptx: 356, physical page 0xD7D8000
XV6_TEST_OUTPUT Index 0: pdx: 0x1, ptx: 0x3D5, present: 0, writable: 1, encrypted: 1
XV6_TEST_OUTPUT Index 1: pdx: 0x1, ptx: 0x3D4, present: 0, writable: 1, encrypted: 1
XV6_TEST_OUTPUT Index 2: pdx: 0x1, ptx: 0x3D3, present: 0, writable: 1, encrypted: 1
XV6_TEST_OUTPUT Index 3: pdx: 0x1, ptx: 0x3D2, present: 0, writable: 1, encrypted: 1
XV6_TEST_OUTPUT Index 4: pdx: 0x1, ptx: 0x3D1, present: 0, writable: 1, encrypted: 1
XV6_TEST_OUTPUT Index 5: pdx: 0x1, ptx: 0x3D0, present: 0, writable: 1, encrypted: 1
XV6_TEST_OUTPUT Index 6: pdx: 0x1, ptx: 0x3CF, present: 0, writable: 1, encrypted: 1
XV6_TEST_OUTPUT Index 7: pdx: 0x1, ptx: 0x3CE, present: 0, writable: 1, encrypted: 1
XV6_TEST_OUTPUT Index 8: pdx: 0x1, ptx: 0x3CD, present: 0, writable: 1, encrypted: 1
XV6_TEST_OUTPUT Index 9: pdx: 0x1, ptx: 0x3CC, present: 0, writable: 1, encrypted: 1
XV6_TEST_OUTPUT Index 10: pdx: 0x1, ptx: 0x3CB, present: 1, writable: 1, encrypted: 0
XV6_TEST_OUTPUT Index 11: pdx: 0x1, ptx: 0x3CA, present: 0, writable: 1, encrypted: 1
XV6_TEST_OUTPUT Index 12: pdx: 0x1, ptx: 0x3C9, present: 0, writable: 1, encrypted: 1
XV6_TEST_OUTPUT Index 13: pdx: 0x1, ptx: 0x3C8, present: 0, writable: 1, encrypted: 1
XV6_TEST_OUTPUT Index 14: pdx: 0x1, ptx: 0x3C7, present: 0, writable: 1, encrypted: 1
XV6_TEST_OUTPUT Index 15: pdx: 0x1, ptx: 0x3C6, present: 0, writable: 1, encrypted: 1
XV6_TEST_OUTPUT Index 16: pdx: 0x1, ptx: 0x3C5, present: 0, writable: 1, encrypted: 1
XV6_TEST_OUTPUT Index 17: pdx: 0x1, ptx: 0x3C4, present: 0, writable: 1, encrypted: 1
XV6_TEST_OUTPUT Index 18: pdx: 0x1, ptx: 0x3C3, present: 0, writable: 1, encrypted: 1
XV6_TEST_OUTPUT Index 19: pdx: 0x1, ptx: 0x3C2, present: 0, writable: 1, encrypted: 1
XV6_TEST_OUTPUT Index 20: pdx: 0x1, ptx: 0x3C1, present: 0, writable: 1, encrypted: 1
XV6_TEST_OUTPUT Index 21: pdx: 0x1, ptx: 0x3C0, present: 0, writable: 1, encrypted: 1
XV6_TEST_OUTPUT Index 22: pdx: 0x1, ptx: 0x3BF, present: 0, writable: 1, encrypted: 1
XV6_TEST_OUTPUT Index 23: pdx: 0x1, ptx: 0x3BE, present: 1, writable: 1, encrypted: 0
XV6_TEST_OUTPUT Index 24: pdx: 0x1, ptx: 0x3BD, present: 0, writable: 1, encrypted: 1
XV6_TEST_OUTPUT Index 25: pdx: 0x1, ptx: 0x3BC, present: 0, writable: 1, encrypted: 1
XV6_TEST_OUTPUT Index 26: pdx: 0x1, ptx: 0x3BB, present: 0, writable: 1, encrypted: 1
XV6_TEST_OUTPUT Index 27: pdx: 0x1, ptx: 0x3BA, present: 0, writable: 1, encrypted: 1
XV6_TEST_OUTPUT Index 28: pdx: 0x1, ptx: 0x3B9, present: 0, writable: 1, encrypted: 1
XV6_TEST_OUTPUT Index 29: pdx: 0x1, ptx: 0x3B8, present: 0, writable: 1, encrypted: 1
XV6_TEST_OUTPUT Index 30: pdx: 0x1, ptx: 0x3B7, present: 0, writable: 1, encrypted: 1
XV6_TEST_OUTPUT Index 31: pdx: 0x1, ptx: 0x3B6, present: 0, writable: 1, encrypted: 1
XV6_TEST_OUTPUT Index 32: pdx: 0x1, ptx: 0x3B5, present: 0, writable: 1, encrypted: 1
XV6_TEST_OUTPUT Index 33: pdx: 0x1, ptx: 0x3B4, present: 0, writable: 1, encrypted: 1
XV6_TEST_OUTPUT Index 34: pdx: 0x1, ptx: 0x3B3, present: 0, writable: 1, encrypted: 1
XV6_TEST_OUTPUT Index 35: pdx: 0x1, ptx: 0x3B2, present: 0, writable: 1, encrypted: 1
XV6_TEST_OUTPUT Index 36: pdx: 0x1, ptx: 0x3B1, present: 1, writable: 1, encrypted: 0
XV6_TEST_OUTPUT Index 37: pdx: 0x1, ptx: 0x3B0, present: 0, writable: 1, encrypted: 1
XV6_TEST_OUTPUT Index 38: pdx: 0x1, ptx: 0x3AF, present: 0, writable: 1, encrypted: 1
XV6_TEST_OUTPUT Index 39: pdx: 0x1, ptx: 0x3AE, present: 0, writable: 1, encrypted: 1
XV6_TEST_OUTPUT Index 40: pdx: 0x1, ptx: 0x3AD, present: 0, writable: 1, encrypted: 1
XV6_TEST_OUTPUT Index 41: pdx: 0x1, ptx: 0x3AC, present: 0, writable: 1, encrypted: 1
XV6_TEST_OUTPUT Index 42: pdx: 0x1, ptx: 0x3AB, present: 0, writable: 1, encrypted: 1
XV6_TEST_OUTPUT Index 43: pdx: 0x1, ptx: 0x3AA, present: 0, writable: 1, encrypted: 1
XV6_TEST_OUTPUT Index 44: pdx: 0x1, ptx: 0x3A9, present: 0, writable: 1, encrypted: 1
XV6_TEST_OUTPUT Index 45: pdx: 0x1, ptx: 0x3A8, present: 0, writable: 1, encrypted: 1
XV6_TEST_OUTPUT Index 46: pdx: 0x1, ptx: 0x3A7, present: 0, writable: 1, encrypted: 1
XV6_TEST_OUTPUT Index 47: pdx: 0x1, ptx: 0x3A6, present: 0, writable: 1, encrypted: 1
XV6_TEST_OUTPUT Index 48: pdx: 0x1, ptx: 0x3A5, present: 0, writable: 1, encrypted: 1
XV6_TEST_OUTPUT Index 49: pdx: 0x1, ptx: 0x3A4, present: 1, writable: 1, encrypted: 0
XV6_TEST_OUTPUT Index 50: pdx: 0x1, ptx: 0x3A3, present: 0, writable: 1, encrypted: 1
XV6_TEST_OUTPUT Index 51: pdx: 0x1, ptx: 0x3A2, present: 0, writable: 1, encrypted: 1
XV6_TEST_OUTPUT Index 52: pdx: 0x1, ptx: 0x3A1, present: 0, writable: 1, encrypted: 1
XV6_TEST_OUTPUT Index 53: pdx: 0x1, ptx: 0x3A0, present: 0, writable: 1, encrypted: 1
XV6_TEST_OUTPUT Index 54: pdx: 0x1, ptx: 0x39F, present: 0, writable: 1, encrypted: 1
XV6_TEST_OUTPUT Index 55: pdx: 0x1, ptx: 0x39E, present: 0, writable: 1, encrypted: 1
XV6_TEST_OUTPUT Index 56: pdx: 0x1, ptx: 0x39D, present: 0, writable: 1, encrypted: 1
XV6_TEST_OUTPUT Index 57: pdx: 0x1, ptx: 0x39C, present: 0, writable: 1, encrypted: 1
XV6_TEST_OUTPUT Index 58: pdx: 0x1, ptx: 0x39B, present: 0, writable: 1, encrypted: 1
XV6_TEST_OUTPUT Index 59: pdx: 0x1, ptx: 0x39A, present: 0, writable: 1, encrypted: 1
XV6_TEST_OUTPUT Index 60: pdx: 0x1, ptx: 0x399, present: 0, writable: 1, encrypted: 1
XV6_TEST_OUTPUT Index 61: pdx: 0x1, ptx: 0x398, present: 0, writable: 1, encrypted: 1
XV6_TEST_OUTPUT Index 62: pdx: 0x1, ptx: 0x397, present: 1, writable: 1, encrypted: 0
XV6_TEST_OUTPUT Index 63: pdx: 0x1, ptx: 0x396, present: 0, writable: 1, encrypted: 1
XV6_TEST_OUTPUT Index 64: pdx: 0x1, ptx: 0x395, present: 0, writable: 1, encrypted: 1
XV6_TEST_OUTPUT Index 65: pdx: 0x1, ptx: 0x394, present: 0, writable: 1, encrypted: 1
XV6_TEST_OUTPUT Index 66: pdx: 0x1, ptx: 0x393, present: 0, writable: 1, encrypted: 1
XV6_TEST_OUTPUT Index 67: pdx: 0x1, ptx: 0x392, present: 0, writable: 1, encrypted: 1
XV6_TEST_OUTPUT Index 68: pdx: 0x1, ptx: 0x391, present: 0, writable: 1, encrypted: 1
XV6_TEST_OUTPUT Index 69: pdx: 0x1, ptx: 0x390, present: 0, writable: 1, encrypted: 1
XV6_TEST_OUTPUT Index 70: pdx: 0x1, ptx: 0x38F, present: 0, writable: 1, encrypted: 1
XV6_TEST_OUTPUT Index 71: pdx: 0x1, ptx: 0x38E, present: 0, writable: 1, encrypted: 1
XV6_TEST_OUTPUT Index 72: pdx: 0x1, ptx: 0x38D, present: 0, writable: 1, encrypted: 1
XV6_TEST_OUTPUT Index 73: pdx: 0x1, ptx: 0x38C, present: 0, writable: 1, encrypted: 1
XV6_TEST_OUTPUT Index 74: pdx: 0x1, ptx: 0x38B, present: 0, writable: 1, encrypted: 1
XV6_TEST_OUTPUT Index 75: pdx: 0x1, ptx: 0x38A, present: 1, writable: 1, encrypted: 0
XV6_TEST_OUTPUT Index 76: pdx: 0x1, ptx: 0x389, present: 0, writable: 1, encrypted: 1
XV6_TEST_OUTPUT Index 77: pdx: 0x1, ptx: 0x388, present: 0, writable: 1, encrypted: 1
XV6_TEST_OUTPUT Index 78: pdx: 0x1, ptx: 0x387, present: 0, writable: 1, encrypted: 1
XV6_TEST_OUTPUT Index 79: pdx: 0x1, ptx: 0x386, present: 0, writable: 1, encrypted: 1
XV6_TEST_OUTPUT Index 80: pdx: 0x1, ptx: 0x385, present: 0, writable: 1, encrypted: 1
XV6_TEST_OUTPUT Index 81: pdx: 0x1, ptx: 0x384, present: 0, writable: 1, encrypted: 1
XV6_TEST_OUTPUT Index 82: pdx: 0x1, ptx: 0x383, present: 0, writable: 1, encrypted: 1
XV6_TEST_OUTPUT Index 83: pdx: 0x1, ptx: 0x382, present: 0, writable: 1, encrypted: 1
XV6_TEST_OUTPUT Index 84: pdx: 0x1, ptx: 0x381, present: 0, writable: 1, encrypted: 1
XV6_TEST_OUTPUT Index 85: pdx: 0x1, ptx: 0x380, present: 0, writable: 1, encrypted: 1
XV6_TEST_OUTPUT Index 86: pdx: 0x1, ptx: 0x37F, present: 0, writable: 1, encrypted: 1
XV6_TEST_OUTPUT Index 87: pdx: 0x1, ptx: 0x37E, present: 0, writable: 1, encrypted: 1
XV6_TEST_OUTPUT Index 88: pdx: 0x1, ptx: 0x37D, present: 1, writable: 1, encrypted: 0
XV6_TEST_OUTPUT Index 89: pdx: 0x1, ptx: 0x37C, present: 0, writable: 1, encrypted: 1
XV6_TEST_OUTPUT Index 90: pdx: 0x1, ptx: 0x37B, present: 0, writable: 1, encrypted: 1
XV6_TEST_OUTPUT Index 91: pdx: 0x1, ptx: 0x37A, present: 0, writable: 1, encrypted: 1
XV6_TEST_OUTPUT Index 92: pdx: 0x1, ptx: 0x379, present: 0, writable: 1, encrypted: 1
XV6_TEST_OUTPUT Index 93: pdx: 0x1, ptx: 0x378, present: 0, writable: 1, encrypted: 1
XV6_TEST_OUTPUT Index 94: pdx: 0x1, ptx: 0x377, present: 0, writable: 1, encrypted: 1
XV6_TEST_OUTPUT Index 95: pdx: 0x1, ptx: 0x376, present: 0, writable: 1, encrypted: 1
XV6_TEST_OUTPUT Index 96: pdx: 0x1, ptx: 0x375, present: 0, writable: 1, encrypted: 1
XV6_TEST_OUTPUT Index 97: pdx: 0x1, ptx: 0x374, present: 0, writable: 1, encrypted: 1
XV6_TEST_OUTPUT Index 98: pdx: 0x1, ptx: 0x373, present: 0, writable: 1, encrypted: 1
XV6_TEST_OUTPUT Index 99: pdx: 0x1, ptx: 0x372, present: 0, writable: 1, encrypted: 1
XV6_TEST_OUTPUT Index 100: pdx: 0x1, ptx: 0x371, present: 0, writable: 1, encrypted: 1
XV6_TEST_OUTPUT Index 101: pdx: 0x1, ptx: 0x370, present: 1, writable: 1, encrypted: 0
XV6_TEST_OUTPUT Index 102: pdx: 0x1, ptx: 0x36F, present: 0, writable: 1, encrypted: 1
XV6_TEST_OUTPUT Index 103: pdx: 0x1, ptx: 0x36E, present: 0, writable: 1, encrypted: 1
XV6_TEST_OUTPUT Index 104: pdx: 0x1, ptx: 0x36D, present: 0, writable: 1, encrypted: 1
XV6_TEST_OUTPUT Index 105: pdx: 0x1, ptx: 0x36C, present: 0, writable: 1, encrypted: 1
XV6_TEST_OUTPUT Index 106: pdx: 0x1, ptx: 0x36B, present: 0, writable: 1, encrypted: 1
XV6_TEST_OUTPUT Index 107: pdx: 0x1, ptx: 0x36A, present: 0, writable: 1, encrypted: 1
XV6_TEST_OUTPUT Index 108: pdx: 0x1, ptx: 0x369, present: 0, writable: 1, encrypted: 1
XV6_TEST_OUTPUT Index 109: pdx: 0x1, ptx: 0x368, present: 0, writable: 1, encrypted: 1
XV6_TEST_OUTPUT Index 110: pdx: 0x1, ptx: 0x367, present: 0, writable: 1, encrypted: 1
XV6_TEST_OUTPUT Index 111: pdx: 0x1, ptx: 0x366, present: 0, writable: 1, encrypted: 1
XV6_TEST_OUTPUT Index 112: pdx: 0x1, ptx: 0x365, present: 0, writable: 1, encrypted: 1
XV6_TEST_OUTPUT Index 113: pdx: 0x1, ptx: 0x364, present: 0, writable: 1, encrypted: 1
XV6_TEST_OUTPUT Index 114: pdx: 0x1, ptx: 0x363, present: 1, writable: 1, encrypted: 0
XV6_TEST_OUTPUT Index 115: pdx: 0x1, ptx: 0x362, present: 0, writable: 1, encrypted: 1
XV6_TEST_OUTPUT Index 116: pdx: 0x1, ptx: 0x361, present: 0, writable: 1, encrypted: 1
XV6_TEST_OUTPUT Index 117: pdx: 0x1, ptx: 0x360, present: 0, writable: 1, encrypted: 1
XV6_TEST_OUTPUT Index 118: pdx: 0x1, ptx: 0x35F, present: 0, writable: 1, encrypted: 1
XV6_TEST_OUTPUT Index 119: pdx: 0x1, ptx: 0x35E, present: 0, writable: 1, encrypted: 1
XV6_TEST_OUTPUT Index 120: pdx: 0x1, ptx: 0x35D, present: 0, writable: 1, encrypted: 1
XV6_TEST_OUTPUT Index 121: pdx: 0x1, ptx: 0x35C, present: 0, writable: 1, encrypted: 1
XV6_TEST_OUTPUT Index 122: pdx: 0x1, ptx: 0x35B, present: 0, writable: 1, encrypted: 1
XV6_TEST_OUTPUT Index 123: pdx: 0x1, ptx: 0x35A, present: 0, writable: 1, encrypted: 1
XV6_TEST_OUTPUT Index 124: pdx: 0x1, ptx: 0x359, present: 0, writable: 1, encrypted: 1
XV6_TEST_OUTPUT Index 125: pdx: 0x1, ptx: 0x358, present: 0, writable: 1, encrypted: 1
XV6_TEST_OUTPUT Index 126: pdx: 0x1, ptx: 0x357, present: 0, writable: 1, encrypted: 1
XV6_TEST_OUTPUT Index 127: pdx: 0x1, ptx: 0x356, present: 1, writable: 1, encrypted: 0
