  2: 2	name
  3: 1	dot
  3: 4	.
  3: 5	name
  4: 1	123
  5: 1	8
  5: 2	_
  6: 1	1
  6: 2	name
  9: 1	2147483647
  9:16	324234
  9:22	.
  9:23	234234234
 13: 1	2
 14: 1	__4
 15: 1	____6
 16: 1	_______9
