a
z
green
Red
lowercase
camelCase
PascalCase
snake_case_name
mix1_2_3
_
___
_x_
_1
_z
_underscore123
