int
bool
if
return
true
cin
void
else
cout
while
false
struct
